== rclone GET (窓内) 2205  窓開始以前キャッシュ済み推定: 620
   うち 4MiB object 2142
-- 4MiB GET: n=2142
   lookup(GET→Open): n=2142 mean=0.51s p50=0 p90=1 p99=2 max=3  >=5s:0 >=15s:0 >=25s:0
      hist [(0, 1129), (1, 931), (2, 76), (3, 6)]
   download open(openRange→first Read): n=2138 mean=1.91s p50=1 p90=2 p99=25 max=30  >=5s:64 >=15s:49 >=25s:24
      hist [(0, 94), (1, 1262), (2, 623), (3, 79), (4, 16), (5, 2), (6, 2), (7, 1), (8, 3), (9, 2), (10, 2), (12, 1), (13, 1), (14, 1), (15, 2), (16, 5), (18, 2), (19, 3), (20, 2), (21, 1), (22, 5), (23, 3), (24, 2), (25, 4), (26, 3), (27, 7), (28, 4), (29, 3), (30, 3)]
   body(first→last Read): n=2138 mean=0.10s p50=0 p90=1 p99=1 max=1  >=5s:0 >=15s:0 >=25s:0
      hist [(0, 1918), (1, 220)]
-- 4MiB GET lookup あり推定: n=1526
   lookup(GET→Open): n=1526 mean=0.66s p50=1 p90=1 p99=2 max=3  >=5s:0 >=15s:0 >=25s:0
      hist [(0, 595), (1, 860), (2, 66), (3, 5)]
   download open(openRange→first Read): n=1524 mean=2.10s p50=1 p90=2 p99=27 max=30  >=5s:56 >=15s:44 >=25s:22
      hist [(0, 46), (1, 869), (2, 475), (3, 64), (4, 14), (5, 2), (6, 2), (7, 1), (8, 3), (9, 1), (10, 1), (13, 1), (14, 1), (15, 1), (16, 4), (18, 2), (19, 3), (20, 2), (21, 1), (22, 4), (23, 3), (24, 2), (25, 4), (26, 2), (27, 6), (28, 4), (29, 3), (30, 3)]
   body(first→last Read): n=1524 mean=0.12s p50=0 p90=1 p99=1 max=1  >=5s:0 >=15s:0 >=25s:0
      hist [(0, 1345), (1, 179)]
-- 4MiB GET lookup なし推定: n=616
   lookup(GET→Open): n=616 mean=0.15s p50=0 p90=1 p99=2 max=3  >=5s:0 >=15s:0 >=25s:0
      hist [(0, 534), (1, 71), (2, 10), (3, 1)]
   download open(openRange→first Read): n=614 mean=1.43s p50=1 p90=2 p99=10 max=27  >=5s:8 >=15s:5 >=25s:2
      hist [(0, 48), (1, 393), (2, 148), (3, 15), (4, 2), (9, 1), (10, 1), (12, 1), (15, 1), (16, 1), (22, 1), (26, 1), (27, 1)]
   body(first→last Read): n=614 mean=0.07s p50=0 p90=0 p99=1 max=1  >=5s:0 >=15s:0 >=25s:0
      hist [(0, 573), (1, 41)]
   最初の Read が無い GET 4

== JuiceFS GET 1351、rclone GET と照合できた数 1351
-- JuiceFS cost>15s の GET: 35（照合済み 35）
   {"key": "chunks/6/6306/6306362_13_4194304", "jfs_start": "21:22:09", "cost": 20.1, "err": "<nil>", "req": "21:22:09", "open": "21:22:10", "openRange": "21:22:10", "firstRead": "21:22:29", "lastRead": "21:22:29", "lookup": 1.0, "dlopen": 19.0, "ambig": false, "cached": false, "ln_or": 143115}
   {"key": "chunks/6/6480/6480259_13_4194304", "jfs_start": "21:23:03", "cost": 27.4, "err": "<nil>", "req": "21:23:03", "open": "21:23:03", "openRange": "21:23:03", "firstRead": "21:23:30", "lastRead": "21:23:30", "lookup": 0.0, "dlopen": 27.0, "ambig": false, "cached": false, "ln_or": 144356}
   {"key": "chunks/6/6479/6479506_0_4194304", "jfs_start": "21:23:04", "cost": 28.1, "err": "<nil>", "req": "21:23:04", "open": "21:23:05", "openRange": "21:23:05", "firstRead": "21:23:32", "lastRead": "21:23:33", "lookup": 1.0, "dlopen": 27.0, "ambig": false, "cached": false, "ln_or": 144454}
   {"key": "chunks/6/6306/6306504_15_4194304", "jfs_start": "21:24:02", "cost": 29.7, "err": "<nil>", "req": "21:24:02", "open": "21:24:03", "openRange": "21:24:03", "firstRead": "21:24:32", "lastRead": "21:24:32", "lookup": 1.0, "dlopen": 29.0, "ambig": false, "cached": false, "ln_or": 145161}
   {"key": "chunks/6/6480/6480265_6_4194304", "jfs_start": "21:24:50", "cost": 28.0, "err": "<nil>", "req": "21:24:50", "open": "21:24:51", "openRange": "21:24:51", "firstRead": "21:25:18", "lastRead": "21:25:18", "lookup": 1.0, "dlopen": 27.0, "ambig": false, "cached": false, "ln_or": 145377}
   {"key": "chunks/6/6315/6315431_2_4194304", "jfs_start": "21:25:22", "cost": 25.6, "err": "<nil>", "req": "21:25:22", "open": "21:25:22", "openRange": "21:25:22", "firstRead": "21:25:47", "lastRead": "21:25:47", "lookup": 0.0, "dlopen": 25.0, "ambig": false, "cached": false, "ln_or": 145449}
   {"key": "chunks/6/6318/6318811_8_4194304", "jfs_start": "21:25:51", "cost": 25.9, "err": "<nil>", "req": "21:25:51", "open": "21:25:52", "openRange": "21:25:52", "firstRead": "21:26:17", "lastRead": "21:26:17", "lookup": 1.0, "dlopen": 25.0, "ambig": false, "cached": false, "ln_or": 145554}
   {"key": "chunks/6/6318/6318811_7_4194304", "jfs_start": "21:25:51", "cost": 29.1, "err": "<nil>", "req": "21:25:51", "open": "21:25:52", "openRange": "21:25:52", "firstRead": "21:26:20", "lastRead": "21:26:20", "lookup": 1.0, "dlopen": 28.0, "ambig": false, "cached": false, "ln_or": 145557}
   {"key": "chunks/6/6480/6480249_12_4194304", "jfs_start": "21:26:30", "cost": 21.6, "err": "<nil>", "req": "21:26:30", "open": "21:26:31", "openRange": "21:26:31", "firstRead": "21:26:52", "lastRead": "21:26:52", "lookup": 1.0, "dlopen": 21.0, "ambig": false, "cached": false, "ln_or": 145721}
   {"key": "chunks/6/6480/6480277_13_4194304", "jfs_start": "21:29:48", "cost": 25.8, "err": "<nil>", "req": "21:29:48", "open": "21:29:49", "openRange": "21:29:49", "firstRead": "21:30:14", "lastRead": "21:30:14", "lookup": 1.0, "dlopen": 25.0, "ambig": false, "cached": false, "ln_or": 149905}
   {"key": "chunks/6/6295/6295646_1_4194304", "jfs_start": "21:29:48", "cost": 30.0, "err": "operation error S3: GetObject, exceeded maximum number of at", "req": "21:29:48", "open": "21:29:51", "openRange": "21:29:51", "firstRead": "21:30:20", "lastRead": "21:30:20", "lookup": 3.0, "dlopen": 29.0, "ambig": true, "cached": false, "ln_or": 149916}
   {"key": "chunks/6/6480/6480268_9_4194304", "jfs_start": "21:30:32", "cost": 28.3, "err": "<nil>", "req": "21:30:32", "open": "21:30:33", "openRange": "21:30:33", "firstRead": "21:31:00", "lastRead": "21:31:00", "lookup": 1.0, "dlopen": 27.0, "ambig": false, "cached": false, "ln_or": 150399}
   {"key": "chunks/6/6480/6480243_12_4194304", "jfs_start": "21:31:09", "cost": 24.4, "err": "<nil>", "req": "21:31:09", "open": "21:31:10", "openRange": "21:31:10", "firstRead": "21:31:33", "lastRead": "21:31:33", "lookup": 1.0, "dlopen": 23.0, "ambig": false, "cached": false, "ln_or": 150748}
   {"key": "chunks/6/6473/6473631_2_4194304", "jfs_start": "21:31:34", "cost": 30.0, "err": "operation error S3: GetObject, exceeded maximum number of at", "req": "21:31:34", "open": "21:31:34", "openRange": "21:31:34", "firstRead": "21:32:04", "lastRead": "21:32:05", "lookup": 0.0, "dlopen": 30.0, "ambig": true, "cached": false, "ln_or": 151085}
   {"key": "chunks/6/6473/6473635_15_4194304", "jfs_start": "21:32:16", "cost": 16.7, "err": "<nil>", "req": "21:32:16", "open": "21:32:17", "openRange": "21:32:17", "firstRead": "21:32:33", "lastRead": "21:32:33", "lookup": 1.0, "dlopen": 16.0, "ambig": false, "cached": false, "ln_or": 151454}
   {"key": "chunks/6/6472/6472946_8_4194304", "jfs_start": "21:36:17", "cost": 18.7, "err": "<nil>", "req": "21:36:17", "open": "21:36:18", "openRange": "21:36:18", "firstRead": "21:36:36", "lastRead": "21:36:36", "lookup": 1.0, "dlopen": 18.0, "ambig": false, "cached": false, "ln_or": 172504}
   {"key": "chunks/6/6480/6480244_8_4194304", "jfs_start": "21:37:00", "cost": 28.3, "err": "<nil>", "req": "21:37:00", "open": "21:37:00", "openRange": "21:37:00", "firstRead": "21:37:28", "lastRead": "21:37:28", "lookup": 0.0, "dlopen": 28.0, "ambig": false, "cached": false, "ln_or": 176514}
   {"key": "chunks/6/6318/6318863_9_4194304", "jfs_start": "21:38:23", "cost": 24.3, "err": "<nil>", "req": "21:38:23", "open": "21:38:25", "openRange": "21:38:25", "firstRead": "21:38:48", "lastRead": "21:38:48", "lookup": 2.0, "dlopen": 23.0, "ambig": false, "cached": false, "ln_or": 184136}
   {"key": "chunks/6/6315/6315401_4_4194304", "jfs_start": "21:38:56", "cost": 16.5, "err": "<nil>", "req": "21:38:56", "open": "21:38:57", "openRange": "21:38:57", "firstRead": "21:39:13", "lastRead": "21:39:13", "lookup": 1.0, "dlopen": 16.0, "ambig": false, "cached": false, "ln_or": 186710}
   {"key": "chunks/6/6480/6480278_5_4194304", "jfs_start": "21:39:16", "cost": 30.0, "err": "operation error S3: GetObject, exceeded maximum number of at", "req": "21:39:16", "open": "21:39:17", "openRange": "21:39:17", "firstRead": "21:39:46", "lastRead": "21:39:46", "lookup": 1.0, "dlopen": 29.0, "ambig": true, "cached": false, "ln_or": 188690}
   {"key": "chunks/6/6315/6315419_8_4194304", "jfs_start": "21:39:54", "cost": 20.2, "err": "<nil>", "req": "21:39:54", "open": "21:39:54", "openRange": "21:39:54", "firstRead": "21:40:14", "lastRead": "21:40:14", "lookup": 0.0, "dlopen": 20.0, "ambig": false, "cached": false, "ln_or": 191923}
   {"key": "chunks/6/6315/6315408_5_4194304", "jfs_start": "21:40:27", "cost": 20.7, "err": "<nil>", "req": "21:40:27", "open": "21:40:28", "openRange": "21:40:28", "firstRead": "21:40:47", "lastRead": "21:40:48", "lookup": 1.0, "dlopen": 19.0, "ambig": false, "cached": false, "ln_or": 194753}
   {"key": "chunks/6/6480/6480243_0_4194304", "jfs_start": "21:40:27", "cost": 25.3, "err": "<nil>", "req": "21:40:27", "open": "21:40:28", "openRange": "21:40:28", "firstRead": "21:40:52", "lastRead": "21:40:52", "lookup": 1.0, "dlopen": 24.0, "ambig": false, "cached": false, "ln_or": 194756}
   {"key": "chunks/6/6303/6303296_5_4194304", "jfs_start": "21:41:14", "cost": 29.9, "err": "<nil>", "req": "21:41:14", "open": "21:41:14", "openRange": "21:41:14", "firstRead": "21:41:44", "lastRead": "21:41:44", "lookup": 0.0, "dlopen": 30.0, "ambig": false, "cached": false, "ln_or": 199421}
   {"key": "chunks/6/6480/6480297_7_4194304", "jfs_start": "21:41:14", "cost": 28.0, "err": "<nil>", "req": "21:41:14", "open": "21:41:15", "openRange": "21:41:15", "firstRead": "21:41:42", "lastRead": "21:41:42", "lookup": 1.0, "dlopen": 27.0, "ambig": false, "cached": false, "ln_or": 199427}
   {"key": "chunks/6/6293/6293038_4_4194304", "jfs_start": "21:41:44", "cost": 23.3, "err": "<nil>", "req": "21:41:44", "open": "21:41:45", "openRange": "21:41:45", "firstRead": "21:42:07", "lastRead": "21:42:07", "lookup": 1.0, "dlopen": 22.0, "ambig": false, "cached": false, "ln_or": 199836}
   {"key": "chunks/6/6474/6474520_13_4194304", "jfs_start": "21:42:09", "cost": 29.0, "err": "<nil>", "req": "21:42:09", "open": "21:42:10", "openRange": "21:42:10", "firstRead": "21:42:38", "lastRead": "21:42:38", "lookup": 1.0, "dlopen": 28.0, "ambig": false, "cached": false, "ln_or": 201058}
   {"key": "chunks/6/6480/6480296_1_4194304", "jfs_start": "21:42:12", "cost": 27.7, "err": "<nil>", "req": "21:42:12", "open": "21:42:12", "openRange": "21:42:12", "firstRead": "21:42:39", "lastRead": "21:42:39", "lookup": 0.0, "dlopen": 27.0, "ambig": true, "cached": true, "ln_or": 201288}
   {"key": "chunks/6/6480/6480248_12_4194304", "jfs_start": "21:42:12", "cost": 21.6, "err": "<nil>", "req": "21:42:12", "open": "21:42:13", "openRange": "21:42:13", "firstRead": "21:42:33", "lastRead": "21:42:33", "lookup": 1.0, "dlopen": 20.0, "ambig": false, "cached": false, "ln_or": 201336}
   {"key": "chunks/6/6480/6480280_9_4194304", "jfs_start": "21:42:14", "cost": 22.1, "err": "<nil>", "req": "21:42:14", "open": "21:42:14", "openRange": "21:42:14", "firstRead": "21:42:36", "lastRead": "21:42:36", "lookup": 0.0, "dlopen": 22.0, "ambig": false, "cached": false, "ln_or": 201475}
   {"key": "chunks/6/6480/6480280_15_4194304", "jfs_start": "21:42:42", "cost": 25.6, "err": "<nil>", "req": "21:42:42", "open": "21:42:43", "openRange": "21:42:43", "firstRead": "21:43:08", "lastRead": "21:43:08", "lookup": 1.0, "dlopen": 25.0, "ambig": false, "cached": false, "ln_or": 203222}
   {"key": "chunks/6/6315/6315370_8_4194304", "jfs_start": "21:42:53", "cost": 27.6, "err": "<nil>", "req": "21:42:53", "open": "21:42:54", "openRange": "21:42:54", "firstRead": "21:43:20", "lastRead": "21:43:20", "lookup": 1.0, "dlopen": 26.0, "ambig": false, "cached": false, "ln_or": 203809}
   {"key": "chunks/6/6318/6318986_3_4194304", "jfs_start": "21:42:56", "cost": 30.0, "err": "operation error S3: GetObject, exceeded maximum number of at", "req": "21:42:56", "open": "21:42:56", "openRange": "21:42:56", "firstRead": "21:43:26", "lastRead": "21:43:26", "lookup": 0.0, "dlopen": 30.0, "ambig": true, "cached": false, "ln_or": 204080}
   {"key": "chunks/6/6480/6480256_1_4194304", "jfs_start": "21:43:19", "cost": 23.1, "err": "<nil>", "req": "21:43:19", "open": "21:43:20", "openRange": "21:43:20", "firstRead": "21:43:42", "lastRead": "21:43:42", "lookup": 1.0, "dlopen": 22.0, "ambig": false, "cached": false, "ln_or": 206197}
   {"key": "chunks/6/6319/6319815_14_4194304", "jfs_start": "21:43:36", "cost": 21.8, "err": "<nil>", "req": "21:43:36", "open": "21:43:36", "openRange": "21:43:36", "firstRead": "21:43:58", "lastRead": "21:43:58", "lookup": 0.0, "dlopen": 22.0, "ambig": false, "cached": false, "ln_or": 207684}
   分類 {'download open 待ち>=10s': 35}

-- 4MiB GET (照合済み・非曖昧 n=1074): JuiceFS cost p50=2.05s; rclone dlopen p50=1.0s mean=2.08s; lookup mean=0.66s
   cost - dlopen - lookup の残差 mean=0.18s p50=0.15s

== Drive API 呼び出し推定 (窓内) 15453 {'get_lookup': 1585, 'get_download': 2205, 'put_lookup': 3514, 'put_upload_small': 2854, 'put_upload_init': 660, 'put_upload_chunk': 660, 'del_lookup': 663, 'del_remove': 3312}
   S3 リクエスト {'GET': 2205, 'PUT': 3514, 'DELETE': 3952}
   期間 21:21:33-21:56:55 2123s, 平均 7.28/s, 活動秒平均 11.35/s, max 47/s
   秒あたり件数の分布 [(0, 762), (1, 124), (2, 134), (3, 80), (4, 91), (5, 66), (6, 52), (7, 39), (8, 34), (9, 47), (10, 41), (11, 36), (12, 48), (13, 37), (14, 38), (15, 49), (16, 53), (17, 48), (18, 48), (19, 39), (20, 41), (21, 17), (22, 28), (23, 31), (24, 23), (25, 12), (26, 33), (27, 17), (28, 9), (29, 9), (30, 5), (31, 7), (32, 2), (33, 4), (34, 7), (35, 5), (36, 1), (37, 1), (38, 1), (39, 1), (41, 1), (46, 1), (47, 1)]
   >=20/s の秒数 257  >=15 494  >=10 694
   10s 移動平均の最大 22.90/s
   60s 移動平均の最大 20.28/s

   分ごと: total/s | 内訳
   21:21  1.43/s  get_lookup=36 get_download=36 put_lookup=6 put_upload_small=4 put_upload_init=2 put_upload_chunk=2
   21:22  3.90/s  get_lookup=94 get_download=98 put_lookup=11 put_upload_small=2 put_upload_init=9 put_upload_chunk=9 del_lookup=7 del_remove=4
   21:23  2.73/s  get_lookup=35 get_download=37 put_lookup=2 put_upload_small=2 del_lookup=16 del_remove=72
   21:24  0.78/s  get_lookup=22 get_download=25
   21:25  0.40/s  get_lookup=12 get_download=12
   21:26  0.58/s  get_lookup=17 get_download=18
   21:27  3.02/s  get_lookup=66 get_download=67 put_lookup=16 put_upload_init=16 put_upload_chunk=16
   21:28  2.85/s  get_lookup=64 get_download=89 del_remove=18
   21:29  4.60/s  get_lookup=71 get_download=83 put_lookup=44 put_upload_small=22 put_upload_init=22 put_upload_chunk=22 del_remove=12
   21:30  1.22/s  get_lookup=7 get_download=8 put_lookup=20 put_upload_small=20 del_remove=18
   21:31  1.25/s  get_lookup=9 get_download=10 put_lookup=28 put_upload_small=28
   21:32  8.42/s  get_lookup=37 get_download=42 put_lookup=162 put_upload_small=158 put_upload_init=4 put_upload_chunk=4 del_remove=98
   21:33 16.23/s  get_lookup=69 get_download=75 put_lookup=299 put_upload_small=276 put_upload_init=22 put_upload_chunk=22 del_lookup=100 del_remove=111
   21:34 17.25/s  get_lookup=95 get_download=142 put_lookup=278 put_upload_small=239 put_upload_init=39 put_upload_chunk=39 del_remove=203
   21:35 18.40/s  get_lookup=68 get_download=93 put_lookup=246 put_upload_small=189 put_upload_init=57 put_upload_chunk=57 del_lookup=35 del_remove=359
   21:36 17.60/s  get_lookup=47 get_download=68 put_lookup=327 put_upload_small=312 put_upload_init=16 put_upload_chunk=16 del_lookup=101 del_remove=169
   21:37 17.17/s  get_lookup=28 get_download=34 put_lookup=327 put_upload_small=303 put_upload_init=20 put_upload_chunk=20 del_lookup=54 del_remove=244
   21:38 19.95/s  get_lookup=40 get_download=52 put_lookup=264 put_upload_small=216 put_upload_init=51 put_upload_chunk=51 del_lookup=265 del_remove=258
   21:39 18.25/s  get_lookup=20 get_download=24 put_lookup=305 put_upload_small=256 put_upload_init=47 put_upload_chunk=47 del_lookup=81 del_remove=315
   21:40 17.32/s  get_lookup=39 get_download=48 put_lookup=300 put_upload_small=269 put_upload_init=34 put_upload_chunk=34 del_lookup=3 del_remove=312
   21:41  7.10/s  get_lookup=30 get_download=43 put_lookup=132 put_upload_small=105 put_upload_init=27 put_upload_chunk=27 del_remove=62
   21:42 11.42/s  get_lookup=37 get_download=70 put_lookup=257 put_upload_small=244 put_upload_init=13 put_upload_chunk=13 del_remove=51
   21:43 12.65/s  get_lookup=32 get_download=52 put_lookup=186 put_upload_small=165 put_upload_init=21 put_upload_chunk=21 del_lookup=1 del_remove=281
   21:44  5.32/s  get_lookup=66 get_download=111 put_lookup=32 put_upload_init=32 put_upload_chunk=32 del_remove=46
   21:45  8.10/s  get_lookup=122 get_download=172 put_lookup=48 put_upload_small=5 put_upload_init=43 put_upload_chunk=43 del_remove=53
   21:46 13.10/s  get_lookup=161 get_download=277 put_lookup=48 put_upload_small=1 put_upload_init=47 put_upload_chunk=47 del_remove=205
   21:47 13.38/s  get_lookup=195 get_download=308 put_lookup=61 put_upload_small=3 put_upload_init=58 put_upload_chunk=58 del_remove=120
   21:48 10.35/s  get_lookup=30 get_download=49 put_lookup=109 put_upload_small=29 put_upload_init=80 put_upload_chunk=80 del_remove=244
   21:49  1.58/s  get_lookup=12 get_download=14 put_lookup=6 put_upload_small=6 del_remove=57
   21:50  1.13/s  get_lookup=22 get_download=46
   21:56  0.07/s  get_lookup=2 get_download=2

== ERROR/NOTICE (窓内) 1581
   ('serve sN: readfrom tcp N.N.N.N:N->N.N.N.N:N: write tcp N.N.N.N:N->N.N.N.N:N: write: broken', 787)
   ('http: superfluous response.WriteHeader call from github.com/rclone/gofakesN.(*GoFakeSN).ht', 787)
   ('serve sN: http: wrote more than the declared Content-Length', 3)
   ('serve sN: open file failed: googleapi: Error N: File not found: N-yKNBiXQWT_yQnVaNLcNrv-NO', 2)
   ('serve sN: open file failed: googleapi: Error N: File not found: NFSjBvzqNvbsDLc-DPcfQNE-Rv', 2)
