minute api/s nGET dlopen_mean dlopen_p50 dlopen_p90 n>=15s lookup_mean
21:21  1.43   36  1.19   1   2   0 0.53
21:22  3.90   98  1.27   1   2   1 0.49
21:23  2.73   37  3.24   1  15   4 0.78
21:24  0.78   25  4.28   1  19   3 0.68
21:25  0.40   12  7.42   1  25   3 0.67
21:26  0.58   18  4.33   1  21   3 0.56
21:27  3.02   67  1.37   1   2   0 0.60
21:28  2.85   89  1.17   1   2   0 0.42
21:29  4.60   81  2.15   1   2   3 0.43
21:30  1.22    8  5.75   2  27   1 0.62
21:31  1.25   10  6.20   1  30   2 0.50
21:32  8.42   42  2.55   1   2   3 0.69
21:33 16.23   75  1.84   1   3   0 0.56
21:34 17.25  142  1.57   1   2   0 0.63
21:35 18.40   93  2.05   2   3   1 0.72
21:36 17.60   68  1.93   2   2   1 0.62
21:37 17.17   34  2.47   2   2   1 0.79
21:38 19.95   52  2.48   2   2   2 0.87
21:39 18.25   24  3.54   2   3   2 0.58
21:40 17.32   46  2.63   2   3   2 0.89
21:41  7.10   43  3.63   1  12   3 0.42
21:42 11.42   70  4.41   1  25   9 0.33
21:43 12.65   52  2.71   1   2   3 0.40
21:44  5.32  111  1.48   1   2   1 0.45
21:45  8.10  172  1.37   1   2   1 0.36
21:46 13.10  277  1.23   1   2   0 0.43
21:47 13.38  308  1.41   1   2   0 0.51
21:48 10.35   49  1.24   1   2   0 0.49
21:49  1.58   14  1.07   1   1   0 0.00
21:50  1.13   46  1.15   1   2   0 0.22
21:56  0.07    2  1.50   2   2   0 0.50

slow GET (dlopen>=15s): 待ち区間の API 推定/s、同区間に開始→完了した他の GET の dlopen
  21:22:10-21:22:29 /6/6306/6306362_13_4194304 wait=19s api= 1.55/s others n=13 max=2.0 mean=1.08
  21:23:03-21:23:30 /6/6480/6480259_13_4194304 wait=27s api= 2.14/s others n=2 max=1.0 mean=1.00
  21:23:05-21:23:32 s/6/6479/6479506_0_4194304 wait=27s api= 1.11/s others n=1 max=1.0 mean=1.00
  21:23:44-21:24:02 s/6/6478/6478952_7_4194304 wait=18s api= 2.05/s others n=19 max=15.0 mean=1.79
  21:23:46-21:24:01 /6/6480/6480251_12_4194304 wait=15s api= 2.12/s others n=14 max=3.0 mean=1.07
  21:24:03-21:24:32 /6/6306/6306504_15_4194304 wait=29s api= 0.03/s others n=0 max=- mean=0.00
  21:24:43-21:25:02 s/6/6480/6480296_1_4194304 wait=19s api= 1.05/s others n=11 max=1.0 mean=1.00
  21:24:51-21:25:18 s/6/6480/6480265_6_4194304 wait=27s api= 0.14/s others n=1 max=1.0 mean=1.00
  21:25:22-21:25:47 s/6/6315/6315431_2_4194304 wait=25s api= 0.23/s others n=1 max=2.0 mean=2.00
  21:25:52-21:26:17 s/6/6318/6318811_8_4194304 wait=25s api= 0.08/s others n=0 max=- mean=0.00
  21:25:52-21:26:20 s/6/6318/6318811_7_4194304 wait=28s api= 0.10/s others n=1 max=25.0 mean=25.00
  21:26:24-21:26:40 s/6/6480/6480266_7_4194304 wait=16s api= 0.76/s others n=6 max=2.0 mean=1.33
  21:26:31-21:26:52 /6/6480/6480249_12_4194304 wait=21s api= 0.18/s others n=0 max=- mean=0.00
  21:26:52-21:27:16 /6/6480/6480249_13_4194304 wait=24s api= 0.92/s others n=10 max=2.0 mean=1.10
  21:29:18-21:29:45 s/6/6474/6474264_6_4194304 wait=27s api= 4.61/s others n=28 max=2.0 mean=1.04
  21:29:49-21:30:14 /6/6480/6480277_13_4194304 wait=25s api= 3.12/s others n=0 max=- mean=0.00
  21:29:51-21:30:20 s/6/6295/6295646_1_4194304 wait=29s api= 2.63/s others n=0 max=- mean=0.00
  21:30:33-21:31:00 s/6/6480/6480268_9_4194304 wait=27s api= 1.46/s others n=0 max=- mean=0.00
  21:31:10-21:31:33 /6/6480/6480243_12_4194304 wait=23s api= 2.29/s others n=0 max=- mean=0.00
  21:31:34-21:32:04 s/6/6473/6473631_2_4194304 wait=30s api= 0.16/s others n=0 max=- mean=0.00
  21:32:14-21:32:37 /6/6479/6479506_11_4194304 wait=23s api= 6.33/s others n=13 max=16.0 mean=2.15
  21:32:17-21:32:33 /6/6473/6473635_15_4194304 wait=16s api= 7.24/s others n=4 max=1.0 mean=0.75
  21:32:47-21:33:03 s/6/6306/6306443_6_4194304 wait=16s api=17.29/s others n=13 max=4.0 mean=1.54
  21:35:49-21:36:05 s/6/6480/6480241_6_4194304 wait=16s api=19.59/s others n=40 max=4.0 mean=2.38
  21:36:18-21:36:36 s/6/6472/6472946_8_4194304 wait=18s api=16.47/s others n=3 max=1.0 mean=1.00
  21:37:00-21:37:28 s/6/6480/6480244_8_4194304 wait=28s api=14.38/s others n=7 max=8.0 mean=2.14
  21:38:25-21:38:48 s/6/6318/6318863_9_4194304 wait=23s api=20.08/s others n=2 max=2.0 mean=1.50
  21:38:57-21:39:13 s/6/6315/6315401_4_4194304 wait=16s api=20.29/s others n=9 max=2.0 mean=1.56
  21:39:17-21:39:46 s/6/6480/6480278_5_4194304 wait=29s api=18.37/s others n=3 max=2.0 mean=1.67
  21:39:54-21:40:14 s/6/6315/6315419_8_4194304 wait=20s api=12.62/s others n=5 max=2.0 mean=1.60
  21:40:28-21:40:47 s/6/6315/6315408_5_4194304 wait=19s api=17.95/s others n=10 max=3.0 mean=1.90
  21:40:28-21:40:52 s/6/6480/6480243_0_4194304 wait=24s api=18.96/s others n=14 max=19.0 mean=2.93
  21:41:14-21:41:44 s/6/6303/6303296_5_4194304 wait=30s api= 2.00/s others n=6 max=27.0 mean=5.00
  21:41:15-21:41:42 s/6/6480/6480297_7_4194304 wait=27s api= 1.43/s others n=3 max=1.0 mean=0.67
  21:41:45-21:42:07 s/6/6293/6293038_4_4194304 wait=22s api=10.22/s others n=5 max=3.0 mean=1.60
  21:42:10-21:42:38 /6/6474/6474520_13_4194304 wait=28s api=10.31/s others n=6 max=22.0 mean=7.83
  21:42:12-21:42:39 s/6/6480/6480296_1_4194304 wait=27s api=10.39/s others n=7 max=22.0 mean=6.86
  21:42:13-21:42:33 /6/6480/6480248_12_4194304 wait=20s api= 8.48/s others n=1 max=2.0 mean=2.00
  21:42:14-21:42:36 s/6/6480/6480280_9_4194304 wait=22s api= 9.00/s others n=0 max=- mean=0.00
  21:42:43-21:43:08 /6/6480/6480280_15_4194304 wait=25s api=12.27/s others n=39 max=2.0 mean=1.21
  21:42:51-21:43:17 s/6/6306/6306504_1_4194304 wait=26s api=14.74/s others n=31 max=26.0 mean=1.97
  21:42:51-21:43:17 s/6/6306/6306504_1_4194304 wait=26s api=14.74/s others n=31 max=26.0 mean=1.97
  21:42:54-21:43:20 s/6/6315/6315370_8_4194304 wait=26s api=15.67/s others n=22 max=2.0 mean=1.27
  21:42:56-21:43:26 s/6/6318/6318986_3_4194304 wait=30s api=16.45/s others n=16 max=2.0 mean=1.19
  21:43:20-21:43:42 s/6/6480/6480256_1_4194304 wait=22s api=15.52/s others n=31 max=6.0 mean=1.55
  21:43:33-21:44:01 /6/6315/6315370_10_4194304 wait=28s api= 8.14/s others n=36 max=22.0 mean=1.75
  21:43:36-21:43:58 /6/6319/6319815_14_4194304 wait=22s api= 7.65/s others n=21 max=2.0 mean=1.05
  21:44:09-21:44:24 /6/6315/6315370_10_4194304 wait=15s api= 3.31/s others n=9 max=3.0 mean=1.44
  21:45:08-21:45:30 s/6/6474/6474562_0_4194304 wait=22s api= 6.04/s others n=56 max=3.0 mean=1.21
