Incorrect Usage. flag provided but not defined: -compaction-gc-mode

NAME:
   cmd.test - A new cli application

USAGE:
   cmd.test [global options] command [command options] [arguments...]

COMMANDS:
   help, h  Shows a list of commands or help for one command

GLOBAL OPTIONS:
   
   FUSE

   --enable-xattr                                enable extended attributes (xattr) (default: false)
   --enable-cap                                  enable security.capability xattr (default: false)
   --enable-selinux                              enable security.selinux xattr (default: false)
   --enable-ioctl                                enable ioctl (support GETFLAGS/SETFLAGS only) (default: false)
   --root-squash value                           mapping local root user (uid = 0) to another one specified as <uid>:<gid>
   --all-squash value                            mapping all users to another one specified as <uid>:<gid>
   --prefix-internal                             add '.jfs' prefix to all internal files (default: false)
   --non-default-permission default_permissions  disable default_permissions option, only for testing (default: false)
   --max-fuse-io value                           maximum size for fuse request (default: "128K")
   --umask value                                 umask for new files and directories in octal (overwrite the one from app)
   -o value                                      other FUSE options

   META

   --subdir value              mount a sub-directory as root
   --backup-meta value         interval to automatically backup metadata in the object storage (0 means disable backup) (default: "1h")
   --backup-skip-trash         skip files in trash when backup metadata (default: false)
   --heartbeat value           interval to send heartbeat; it's recommended that all clients use the same heartbeat value (default: "12s")
   --read-only                 allow lookup/read operations only (default: false)
   --no-bgjob                  disable background jobs (clean-up, backup, etc.) (default: false)
   --atime-mode value          when to update atime, supported mode includes: noatime, relatime, strictatime (default: "noatime")
   --skip-dir-nlink value      number of retries after which the update of directory nlink will be skipped (used for tkv only, 0 means never) (default: 20)
   --skip-dir-mtime value      skip updating attribute of a directory if the mtime difference is smaller than this value (default: "100ms")
   --sort-dir                  sort entries within a directory by name (default: false)
   --fast-statfs               Use local counters for statfs instead of querying metadata service (default: false)
   --network-interfaces value  comma-separated list of network interfaces to use for IP discovery (e.g. eth0,en0), empty means all

   META CACHE

   --attr-cache value            attributes cache timeout (default: "1.0s")
   --entry-cache value           file entry cache timeout (default: "1.0s")
   --dir-entry-cache value       dir entry cache timeout (default: "1.0s")
   --negative-entry-cache value  cache timeout for negative entry lookups
   --readdir-cache               enable kernel caching of readdir entries, with timeout controlled by attr-cache flag (require linux kernel 4.20+) (default: false)
   --open-cache value            The cache time to reuse open file without checking update (0 means disable this feature) (default: "0s")
   --open-cache-limit value      max number of open files to cache (soft limit, 0 means unlimited) (default: 10000)

   DATA STORAGE

   --storage value          customized storage type (e.g. s3, gs, oss, cos) to access object store
   --bucket value           customized endpoint to access object store
   --storage-class value    the storage class for data written by current client
   --tag value              custom tag when uploading object storage (e.g. --tag key=value)
   --get-timeout value      the timeout to download an object (default: "60s")
   --put-timeout value      the timeout to upload an object (default: "60s")
   --io-retries value       number of retries after network failure (default: 10)
   --max-uploads value      number of connections to upload (default: 20)
   --max-downloads value    number of connections to download (default: 200)
   --max-stage-write value  number of threads allowed to write staged files, other requests will be uploaded directly (this option is only effective when 'writeback' mode is enabled) (default: 1000)
   --max-deletes value      number of background threads to delete objects; 0 disables deletion, negative values delete synchronously in the caller (not unlimited concurrency) (default: 10)
   --upload-limit value     bandwidth limit for upload in Mbps
   --download-limit value   bandwidth limit for download in Mbps
   --check-storage          test storage before mounting to expose access issues early (default: false)

   DATA CACHE

   --buffer-size value               total read/write buffering in MiB (default: "300M")
   --max-readahead value             max buffering for read ahead in MiB per read session
   --prefetch value                  prefetch N blocks in parallel (default: 1)
   --writeback                       upload blocks in background (default: false)
   --writeback-threshold-size value  blocks smaller than this size will be staged, 0 means all staged. (default: "0")
   --slice-flush-wait value          maximum duration before flushing a pending slice (default: "5s")
   --slice-flush-idle value          idle duration before flushing a pending slice (default: "1s")
   --writer-flush-timeout value      deadline for pending file writes; 0s waits until completion, auto uses the legacy retry-derived deadline, positive durations opt into timeout errors (default: "0s")
   --upload-delay value              delayed duration for uploading blocks (default: "0s")
   --upload-hours value              (start-end) hour of a day between which the delayed blocks can be uploaded
   --cache-dir value                 directory paths of local cache, use colon to separate multiple paths (default: "/home/kwatanabe/.juicefs/cache")
   --cache-mode value                file permissions for cached blocks (default: "0600")
   --cache-size value                size of cached object for read in MiB (default: "100G")
   --cache-items free‑space‑ratio    max number of cached items (0 will be automatically calculated based on the free‑space‑ratio.) (default: 0)
   --free-space-ratio value          min free space (ratio) (default: 0.1)
   --cache-partial-only              cache only random/small read (default: false)
   --cache-large-write               cache full blocks after uploading (default: false)
   --verify-cache-checksum value     checksum level (none, full, shrink, extend) (default: "extend")
   --cache-eviction value            cache eviction policy [none, 2-random, lru] (default: "2-random")
   --cache-scan-interval value       interval to scan cache-dir to rebuild in-memory index (default: "1h")
   --cache-expire value              cached blocks not accessed for longer than this option will be automatically evicted (0 means never) (default: "0s")

   METRICS

   --metrics value        address to export metrics (default: "127.0.0.1:9567")
   --custom-labels value  custom labels for metrics
   --consul value         consul address to register (default: "127.0.0.1:8500")
   --no-usage-report      do not send usage report (default: false)

--- FAIL: TestCombinedVMOptions (0.00s)
    --- FAIL: TestCombinedVMOptions/defaults (0.00s)
        combined_vm_options_test.go:49: config GC= scheduler=<nil> window=0, want legacy/legacy/4
    --- FAIL: TestCombinedVMOptions/opt_in (0.00s)
        combined_vm_options_test.go:54: flag provided but not defined: -compaction-gc-mode
FAIL
FAIL	github.com/juicedata/juicefs/cmd	0.032s
FAIL
