date       hh  objects  stalled(>=8s)  per1000
2026/10/08 07     394        6       15.2
2026/10/08 08     237        5       21.1
2026/10/08 11     386        8       20.7
2026/10/08 12     196        2       10.2
2026/10/08 15     978        5        5.1
2026/10/08 16     476        6       12.6
2026/10/08 17     121        2       16.5
2026/10/08 19      32        0        0.0
2026/10/08 20    1069        3        2.8
2026/10/08 21    2200       68       30.9
2026/10/08 22    1218       52       42.7
2026/10/08 23    2347       64       27.3
2026/10/09 00     152        7       46.1
2026/10/09 01    1251       88       70.3
2026/10/09 02      68        5       73.5
2026/10/09 07    1943       10        5.1
2026/10/09 08    1271       22       17.3
2026/10/09 09     340        1        2.9
2026/10/09 10    1995       35       17.5
2026/10/09 11     824        1        1.2
2026/10/09 12    1503        5        3.3
2026/10/09 13    1668       35       21.0
2026/10/09 14    2290       12        5.2
2026/10/09 15    2075       15        7.2
2026/10/09 16    1950       28       14.4
2026/10/09 17     821       13       15.8
