date       hh     n   p50   p90    p99  >=8s%  >=15s%  hdrTO  err
2026/10/08 07   394  1.36  2.13   9.95    1.5    0.5     0    0
2026/10/08 08   237  1.50  2.49  10.46    2.1    0.0     0    0
2026/10/08 11   386  1.39  2.11  16.62    2.1    1.0     0    0
2026/10/08 12   196  1.43  2.09   8.46    1.0    0.0     0    0
2026/10/08 15   978  2.28  4.43   7.15    0.5    0.0     0    0
2026/10/08 16   476  2.33  3.71  13.60    1.3    0.6     0    0
2026/10/08 17   121  2.38  3.27  11.72    1.7    0.8     0    0
2026/10/08 19    32  1.24  1.88   2.41    0.0    0.0     0    0
2026/10/08 20  1070  1.97  3.00   4.16    0.3    0.1     0    3
2026/10/08 21  2210  2.14  3.95  27.38    3.2    2.6     0   12
2026/10/08 22  1221  1.86  3.84  28.15    4.3    3.6     0    5
2026/10/08 23  2351  2.51  4.12  22.68    2.8    2.1     0    4
2026/10/09 00   153  2.21  3.10  28.62    5.2    3.3     0    1
2026/10/09 01  1252  2.46  4.51  28.20    7.0    5.8     0    1
2026/10/09 02    68  2.20  3.96  23.75    7.4    2.9     0    0
2026/10/09 07  1943  3.01  4.17   5.75    0.5    0.3     0    0
2026/10/09 08  1271  2.25  3.80  16.92    1.7    1.0     0    0
2026/10/09 09   340  3.10  4.03   5.31    0.3    0.0     0    0
2026/10/09 10  2003  2.57  3.79  15.60    2.0    1.1     0    8
2026/10/09 11   824  2.57  3.63   4.99    0.1    0.1     0    0
2026/10/09 12  1505  1.81  3.22   4.59    0.3    0.0     3    0
2026/10/09 13  1702  1.54  3.15  10.00    2.4    0.0    35    0
2026/10/09 14  2309  1.52  2.31   4.66    0.5    0.0     8    0
2026/10/09 15  2162  2.90  4.11  10.00    4.5    0.0    92    0
2026/10/09 16  1967  2.07  3.75  10.00    1.9    0.5    19    0
2026/10/09 17   798  3.08  4.25  18.37    1.6    1.3     0    0

hour-of-day (all days)
00   153  2.21  3.10  28.62    5.2    3.3     0    1
01  1252  2.46  4.51  28.20    7.0    5.8     0    1
02    68  2.20  3.96  23.75    7.4    2.9     0    0
07  2337  2.70  4.08   6.06    0.7    0.3     0    0
08  1508  2.10  3.72  14.66    1.8    0.9     0    0
09   352  3.09  3.97   5.31    0.3    0.0     0    0
10  2022  2.56  3.79  15.60    2.0    1.1     0    8
11  1210  2.07  3.50   6.84    0.7    0.4     0    0
12  1701  1.75  3.19   4.59    0.4    0.0     3    0
13  1702  1.54  3.15  10.00    2.4    0.0    35    0
14  2309  1.52  2.31   4.66    0.5    0.0     8    0
15  3140  2.80  4.21  10.00    3.3    0.0    92    0
16  2443  2.14  3.74  10.00    1.8    0.5    19    0
17   919  3.00  4.19  17.53    1.6    1.2     0    0
19    32  1.24  1.88   2.41    0.0    0.0     0    0
20  1070  1.97  3.00   4.16    0.3    0.1     0    3
21  2210  2.14  3.95  27.38    3.2    2.6     0   12
22  1221  1.86  3.84  28.15    4.3    3.6     0    5
23  2351  2.51  4.12  22.68    2.8    2.1     0    4
